// Jest Snapshot v1, https://goo.gl/fbAQLP

exports[`matches snacks snapshot 1`] = `<DocumentFragment />`;
