// Jest Snapshot v1, https://goo.gl/fbAQLP

exports[`matches snapshot 1`] = `
<DocumentFragment>
  <div>
    <nav
      class="navbar navbar-expand-md"
    >
      <a
        aria-current="page"
        class="navbar-brand active"
        href="/"
      >
        Apr√®s-Ski-Me
      </a>
      <ul
        class="ml-auto navbar-nav"
      >
        <li
          class="nav-item"
        >
          <a
            href="/snacks"
          >
            Snacks
          </a>
        </li>
        <li
          class="nav-item"
        >
          <a
            href="/drinks"
          >
            Drinks
          </a>
        </li>
        <li
          class="nav-item"
        >
          <a
            href="/additem"
          >
            Add An Item
          </a>
        </li>
      </ul>
    </nav>
  </div>
</DocumentFragment>
`;
